; Lista kolejnoœci umieszczania plików w ci¹g³ych archiwach
;
; Tu mo¿na zmodyfikowaæ listê plików, która jest wskazówk¹ dla RARa
; w jakiej kolejnoœci ma dodawaæ pliki do ci¹g³ego archiwum.
;
; Ten plik mo¿e zawieraæ nazwy plików, symbole wieloznaczne oraz specjalne
; okreœlenie - $default. Okreœlenie $default definiuje miejsce w tej liœcie
; dla plików, które nie s¹ objête innymi pozycjami znajduj¹cymi siê na niej.
; Linie rozpoczynaj¹ce siê od œrednika („;”) s¹ traktowane jak komentarze
; i nie s¹ brane pod uwagê podczas przetwarzania tego pliku.
;
; Plik ten powinien znajdowaæ siê w tym samym katalogu co RAR.EXE.
;
; Aby polepszyæ jakoœæ i szybkoœæ kompresji:
;
; - pliki o podobnej zawartoœci powinny byæ umieszczane jeden za drugim jeœli
;   to mo¿liwe
; - pliki, do których czêsto siê siêga powinny byæ umieszczane na pocz¹tku
;
file_id.diz
descript.ion
read.*
readme.*
*.nfo
*.txt
*.htm
*.html
*.shtml
*.css
*.xsl
*.xml
*.js
*.php
*.doc
*.lst
*.log
*.bat
*.cmd
*.h
*.hpp
*.c
*.cpp
*.java
*.asm
*.pas
*.dpr
*.inc
*.bas
*.bak
*.cue
*.ini
*.inf
*.rtf
*.hlp
*.com
*.exe
*.dll
*.obj
*.lib
*.sys
*.drv
*.bin
*.bmp
*.wav
$default
*.mp3
*.mp4
*.m4a
*.mov
*.avi
*.wmv
*.wma
*.gif
*.tif
*.png
*.jpg
*.chm
*.pdf
*.cab
*.7z
*.arj
*.ha
*.lz
*.lzh
*.rar
*.zip
*.gz
*.bz2
*.xz
*.jar
*.fla
*.flac
*.ape
*.bik
*.mkv
